manifest should match snapshot with TLS:
  1: |
    apiVersion: apps/v1
    kind: Deployment
    metadata:
      labels: null
      name: RELEASE-NAME-steadybit-extension-aws
      namespace: NAMESPACE
    spec:
      replicas: 1
      selector:
        matchLabels:
          app.kubernetes.io/name: steadybit-extension-aws
      template:
        metadata:
          labels:
            app.kubernetes.io/name: steadybit-extension-aws
        spec:
          containers:
            - env:
                - name: STEADYBIT_LOG_LEVEL
                  value: INFO
                - name: STEADYBIT_LOG_FORMAT
                  value: text
                - name: STEADYBIT_EXTENSION_TLS_SERVER_CERT
                  value: /etc/extension/certificates/server-cert/tls.crt
                - name: STEADYBIT_EXTENSION_TLS_SERVER_KEY
                  value: /etc/extension/certificates/server-cert/tls.key
                - name: STEADYBIT_EXTENSION_ASSUME_ROLES
                  value: ""
              image: steadybit/extension-aws:latest
              imagePullPolicy: Always
              livenessProbe:
                httpGet:
                  path: /health/liveness
                  port: 8086
              name: extension-aws
              ports:
                - containerPort: 8085
              readinessProbe:
                httpGet:
                  path: /health/readiness
                  port: 8086
              resources:
                limits:
                  cpu: 200m
                  memory: 128Mi
                requests:
                  cpu: 50m
                  memory: 64Mi
              volumeMounts:
                - mountPath: /etc/extension/certificates/server-cert
                  name: certificate-server-cert
                  readOnly: true
          serviceAccountName: steadybit-extension-aws
          volumes:
            - name: certificate-server-cert
              secret:
                optional: false
                secretName: server-cert
manifest should match snapshot with mutual TLS:
  1: |
    apiVersion: apps/v1
    kind: Deployment
    metadata:
      labels: null
      name: RELEASE-NAME-steadybit-extension-aws
      namespace: NAMESPACE
    spec:
      replicas: 1
      selector:
        matchLabels:
          app.kubernetes.io/name: steadybit-extension-aws
      template:
        metadata:
          labels:
            app.kubernetes.io/name: steadybit-extension-aws
        spec:
          containers:
            - env:
                - name: STEADYBIT_LOG_LEVEL
                  value: INFO
                - name: STEADYBIT_LOG_FORMAT
                  value: text
                - name: STEADYBIT_EXTENSION_TLS_SERVER_CERT
                  value: /etc/extension/certificates/server-cert/tls.crt
                - name: STEADYBIT_EXTENSION_TLS_SERVER_KEY
                  value: /etc/extension/certificates/server-cert/tls.key
                - name: STEADYBIT_EXTENSION_TLS_CLIENT_CAS
                  value: /etc/extension/certificates/client-cert-a/tls.crt,/etc/extension/certificates/client-cert-a/tls.crt
                - name: STEADYBIT_EXTENSION_ASSUME_ROLES
                  value: ""
              image: steadybit/extension-aws:latest
              imagePullPolicy: Always
              livenessProbe:
                httpGet:
                  path: /health/liveness
                  port: 8086
              name: extension-aws
              ports:
                - containerPort: 8085
              readinessProbe:
                httpGet:
                  path: /health/readiness
                  port: 8086
              resources:
                limits:
                  cpu: 200m
                  memory: 128Mi
                requests:
                  cpu: 50m
                  memory: 64Mi
              volumeMounts:
                - mountPath: /etc/extension/certificates/client-cert-a
                  name: certificate-client-cert-a
                  readOnly: true
                - mountPath: /etc/extension/certificates/server-cert
                  name: certificate-server-cert
                  readOnly: true
          serviceAccountName: steadybit-extension-aws
          volumes:
            - name: certificate-client-cert-a
              secret:
                optional: false
                secretName: client-cert-a
            - name: certificate-server-cert
              secret:
                optional: false
                secretName: server-cert
manifest should match snapshot without TLS:
  1: |
    apiVersion: apps/v1
    kind: Deployment
    metadata:
      labels: null
      name: RELEASE-NAME-steadybit-extension-aws
      namespace: NAMESPACE
    spec:
      replicas: 1
      selector:
        matchLabels:
          app.kubernetes.io/name: steadybit-extension-aws
      template:
        metadata:
          labels:
            app.kubernetes.io/name: steadybit-extension-aws
        spec:
          containers:
            - env:
                - name: STEADYBIT_LOG_LEVEL
                  value: INFO
                - name: STEADYBIT_LOG_FORMAT
                  value: text
                - name: STEADYBIT_EXTENSION_ASSUME_ROLES
                  value: ""
              image: steadybit/extension-aws:latest
              imagePullPolicy: Always
              livenessProbe:
                httpGet:
                  path: /health/liveness
                  port: 8086
              name: extension-aws
              ports:
                - containerPort: 8085
              readinessProbe:
                httpGet:
                  path: /health/readiness
                  port: 8086
              resources:
                limits:
                  cpu: 200m
                  memory: 128Mi
                requests:
                  cpu: 50m
                  memory: 64Mi
              volumeMounts: null
          serviceAccountName: steadybit-extension-aws
          volumes: null
